// Jest Snapshot v1, https://goo.gl/fbAQLP

exports[`Snapshot 1`] = `
{
  "Parameters": {
    "BootstrapVersion": {
      "Default": "/cdk-bootstrap/hnb659fds/version",
      "Description": "Version of the CDK Bootstrap resources in this environment, automatically retrieved from SSM Parameter Store. [cdk:skip]",
      "Type": "AWS::SSM::Parameter::Value<String>",
    },
  },
  "Resources": {
    "CustomEventBusEC0C3CB8": {
      "Properties": {
        "Name": "dup-event-bus",
      },
      "Type": "AWS::Events::EventBus",
    },
    "EventBusResourcePolicy": {
      "Properties": {
        "EventBusName": {
          "Ref": "CustomEventBusEC0C3CB8",
        },
        "Statement": {
          "Action": [
            "events:PutEvents",
          ],
          "Condition": {
            "StringEquals": {
              "events:detail-type": "dup-event-bus",
              "events:source": "com.vikkie.dup",
            },
          },
          "Effect": "Allow",
          "Principal": {
            "AWS": {
              "Ref": "AWS::AccountId",
            },
          },
          "Resource": {
            "Fn::GetAtt": [
              "CustomEventBusEC0C3CB8",
              "Arn",
            ],
          },
        },
        "StatementId": "CustomerSubscriptionSid",
      },
      "Type": "AWS::Events::EventBusPolicy",
    },
    "fiveMinuteRule3418C463": {
      "Properties": {
        "EventBusName": {
          "Ref": "CustomEventBusEC0C3CB8",
        },
        "EventPattern": {
          "detail-type": [
            "dup-event-bus",
          ],
        },
        "State": "ENABLED",
      },
      "Type": "AWS::Events::Rule",
    },
  },
  "Rules": {
    "CheckBootstrapVersion": {
      "Assertions": [
        {
          "Assert": {
            "Fn::Not": [
              {
                "Fn::Contains": [
                  [
                    "1",
                    "2",
                    "3",
                    "4",
                    "5",
                  ],
                  {
                    "Ref": "BootstrapVersion",
                  },
                ],
              },
            ],
          },
          "AssertDescription": "CDK bootstrap stack version 6 required. Please run 'cdk bootstrap' with a recent version of the CDK CLI.",
        },
      ],
    },
  },
}
`;
